// Jest Snapshot v1, https://goo.gl/fbAQLP

exports[`Should render ExpenseListItem with expense 1`] = `
<Link
  className="list-item"
  replace={false}
  to="/edit/1"
>
  <div>
    <h3
      className="list-item__title"
    >
      This
    </h3>
    <span
      className="list-item__subtitle"
    >
      Jan 1st, 1970. 1:00 am
    </span>
  </div>
  <h3
    className="list-item__data"
  >
    â‚¦10.00
  </h3>
</Link>
`;
