// Jest Snapshot v1, https://goo.gl/fbAQLP

exports[`Should render Header correctly 1`] = `
<header>
  <h1>
    Expensify
  </h1>
  <NavLink
    activeClassName="active"
    aria-current="page"
    to="/dashboard"
  >
    Dashboard
  </NavLink>
  <NavLink
    activeClassName="active"
    aria-current="page"
    to="/create"
  >
    Create Expense
  </NavLink>
  <NavLink
    activeClassName="active"
    aria-current="page"
    to="/help"
  >
    Help
  </NavLink>
  <button
    onClick={[Function]}
  >
    Log out
  </button>
</header>
`;
