// Jest Snapshot v1, https://goo.gl/fbAQLP

exports[`Should render login page 1`] = `
<div>
  <button
    onClick={[Function]}
  >
    Log in
  </button>
</div>
`;
